1	C:\Users\hp\Desktop\Manvi\Semesters\6th_WinterSemester\ComputerVision\PoolNet\data\dd\16_1_s.jpg
2	C:\Users\hp\Desktop\Manvi\Semesters\6th_WinterSemester\ComputerVision\PoolNet\data\dd\16_2_s.jpg
3	C:\Users\hp\Desktop\Manvi\Semesters\6th_WinterSemester\ComputerVision\PoolNet\data\dd\16_3_s.jpg
4	C:\Users\hp\Desktop\Manvi\Semesters\6th_WinterSemester\ComputerVision\PoolNet\data\dd\16_4_s.jpg
5	C:\Users\hp\Desktop\Manvi\Semesters\6th_WinterSemester\ComputerVision\PoolNet\data\dd\16_5_s.jpg
6	C:\Users\hp\Desktop\Manvi\Semesters\6th_WinterSemester\ComputerVision\PoolNet\data\dd\16_6_s.jpg
7	C:\Users\hp\Desktop\Manvi\Semesters\6th_WinterSemester\ComputerVision\PoolNet\data\dd\16_7_s.jpg
8	C:\Users\hp\Desktop\Manvi\Semesters\6th_WinterSemester\ComputerVision\PoolNet\data\dd\16_8_s.jpg
9	C:\Users\hp\Desktop\Manvi\Semesters\6th_WinterSemester\ComputerVision\PoolNet\data\dd\16_9_s.jpg
10	C:\Users\hp\Desktop\Manvi\Semesters\6th_WinterSemester\ComputerVision\PoolNet\data\dd\16_10_s.jpg
11	C:\Users\hp\Desktop\Manvi\Semesters\6th_WinterSemester\ComputerVision\PoolNet\data\dd\16_11_s.jpg
12	C:\Users\hp\Desktop\Manvi\Semesters\6th_WinterSemester\ComputerVision\PoolNet\data\dd\16_12_s.jpg
13	C:\Users\hp\Desktop\Manvi\Semesters\6th_WinterSemester\ComputerVision\PoolNet\data\dd\16_13_s.jpg
14	C:\Users\hp\Desktop\Manvi\Semesters\6th_WinterSemester\ComputerVision\PoolNet\data\dd\16_14_s.jpg
15	C:\Users\hp\Desktop\Manvi\Semesters\6th_WinterSemester\ComputerVision\PoolNet\data\dd\16_15_s.jpg
16	C:\Users\hp\Desktop\Manvi\Semesters\6th_WinterSemester\ComputerVision\PoolNet\data\dd\16_16_s.jpg
17	C:\Users\hp\Desktop\Manvi\Semesters\6th_WinterSemester\ComputerVision\PoolNet\data\dd\16_17_s.jpg
18	C:\Users\hp\Desktop\Manvi\Semesters\6th_WinterSemester\ComputerVision\PoolNet\data\dd\16_18_s.jpg
19	C:\Users\hp\Desktop\Manvi\Semesters\6th_WinterSemester\ComputerVision\PoolNet\data\dd\16_19_s.jpg
20	C:\Users\hp\Desktop\Manvi\Semesters\6th_WinterSemester\ComputerVision\PoolNet\data\dd\16_20_s.jpg
21	C:\Users\hp\Desktop\Manvi\Semesters\6th_WinterSemester\ComputerVision\PoolNet\data\dd\16_21_s.jpg
22	C:\Users\hp\Desktop\Manvi\Semesters\6th_WinterSemester\ComputerVision\PoolNet\data\dd\16_23_s.jpg
23	C:\Users\hp\Desktop\Manvi\Semesters\6th_WinterSemester\ComputerVision\PoolNet\data\dd\16_24_s.jpg
24	C:\Users\hp\Desktop\Manvi\Semesters\6th_WinterSemester\ComputerVision\PoolNet\data\dd\16_25_s.jpg
25	C:\Users\hp\Desktop\Manvi\Semesters\6th_WinterSemester\ComputerVision\PoolNet\data\dd\16_28_s.jpg
26	C:\Users\hp\Desktop\Manvi\Semesters\6th_WinterSemester\ComputerVision\PoolNet\data\dd\16_29_s.jpg
27	C:\Users\hp\Desktop\Manvi\Semesters\6th_WinterSemester\ComputerVision\PoolNet\data\dd\16_30_s.jpg
28	C:\Users\hp\Desktop\Manvi\Semesters\6th_WinterSemester\ComputerVision\PoolNet\data\dd\15_1_s.jpg
29	C:\Users\hp\Desktop\Manvi\Semesters\6th_WinterSemester\ComputerVision\PoolNet\data\dd\15_2_s.jpg
30	C:\Users\hp\Desktop\Manvi\Semesters\6th_WinterSemester\ComputerVision\PoolNet\data\dd\15_3_s.jpg
31	C:\Users\hp\Desktop\Manvi\Semesters\6th_WinterSemester\ComputerVision\PoolNet\data\dd\15_4_s.jpg
32	C:\Users\hp\Desktop\Manvi\Semesters\6th_WinterSemester\ComputerVision\PoolNet\data\dd\15_5_s.jpg
33	C:\Users\hp\Desktop\Manvi\Semesters\6th_WinterSemester\ComputerVision\PoolNet\data\dd\15_6_s.jpg
34	C:\Users\hp\Desktop\Manvi\Semesters\6th_WinterSemester\ComputerVision\PoolNet\data\dd\15_7_s.jpg
35	C:\Users\hp\Desktop\Manvi\Semesters\6th_WinterSemester\ComputerVision\PoolNet\data\dd\15_8_s.jpg
36	C:\Users\hp\Desktop\Manvi\Semesters\6th_WinterSemester\ComputerVision\PoolNet\data\dd\15_9_s.jpg
37	C:\Users\hp\Desktop\Manvi\Semesters\6th_WinterSemester\ComputerVision\PoolNet\data\dd\15_10_s.jpg
38	C:\Users\hp\Desktop\Manvi\Semesters\6th_WinterSemester\ComputerVision\PoolNet\data\dd\15_11_s.jpg
39	C:\Users\hp\Desktop\Manvi\Semesters\6th_WinterSemester\ComputerVision\PoolNet\data\dd\15_12_s.jpg
40	C:\Users\hp\Desktop\Manvi\Semesters\6th_WinterSemester\ComputerVision\PoolNet\data\dd\15_13_s.jpg
41	C:\Users\hp\Desktop\Manvi\Semesters\6th_WinterSemester\ComputerVision\PoolNet\data\dd\15_14_s.jpg
42	C:\Users\hp\Desktop\Manvi\Semesters\6th_WinterSemester\ComputerVision\PoolNet\data\dd\15_15_s.jpg
43	C:\Users\hp\Desktop\Manvi\Semesters\6th_WinterSemester\ComputerVision\PoolNet\data\dd\15_16_s.jpg
44	C:\Users\hp\Desktop\Manvi\Semesters\6th_WinterSemester\ComputerVision\PoolNet\data\dd\15_17_s.jpg
45	C:\Users\hp\Desktop\Manvi\Semesters\6th_WinterSemester\ComputerVision\PoolNet\data\dd\15_18_s.jpg
46	C:\Users\hp\Desktop\Manvi\Semesters\6th_WinterSemester\ComputerVision\PoolNet\data\dd\15_20_s.jpg
47	C:\Users\hp\Desktop\Manvi\Semesters\6th_WinterSemester\ComputerVision\PoolNet\data\dd\15_21_s.jpg
48	C:\Users\hp\Desktop\Manvi\Semesters\6th_WinterSemester\ComputerVision\PoolNet\data\dd\15_22_s.jpg
49	C:\Users\hp\Desktop\Manvi\Semesters\6th_WinterSemester\ComputerVision\PoolNet\data\dd\15_23_s.jpg
50	C:\Users\hp\Desktop\Manvi\Semesters\6th_WinterSemester\ComputerVision\PoolNet\data\dd\15_24_s.jpg