C:\Users\hp\Desktop\Manvi\Semesters\6th_WinterSemester\ComputerVision\PoolNet\data\dd\15_5_s.jpg
C:\Users\hp\Desktop\Manvi\Semesters\6th_WinterSemester\ComputerVision\PoolNet\data\dd\15_6_s.jpg
C:\Users\hp\Desktop\Manvi\Semesters\6th_WinterSemester\ComputerVision\PoolNet\data\dd\15_7_s.jpg
C:\Users\hp\Desktop\Manvi\Semesters\6th_WinterSemester\ComputerVision\PoolNet\data\dd\15_8_s.jpg
C:\Users\hp\Desktop\Manvi\Semesters\6th_WinterSemester\ComputerVision\PoolNet\data\dd\15_9_s.jpg
C:\Users\hp\Desktop\Manvi\Semesters\6th_WinterSemester\ComputerVision\PoolNet\data\dd\15_10_s.jpg
C:\Users\hp\Desktop\Manvi\Semesters\6th_WinterSemester\ComputerVision\PoolNet\data\dd\15_11_s.jpg
C:\Users\hp\Desktop\Manvi\Semesters\6th_WinterSemester\ComputerVision\PoolNet\data\dd\15_12_s.jpg
C:\Users\hp\Desktop\Manvi\Semesters\6th_WinterSemester\ComputerVision\PoolNet\data\dd\15_13_s.jpg
C:\Users\hp\Desktop\Manvi\Semesters\6th_WinterSemester\ComputerVision\PoolNet\data\dd\15_14_s.jpg
C:\Users\hp\Desktop\Manvi\Semesters\6th_WinterSemester\ComputerVision\PoolNet\data\dd\15_15_s.jpg
C:\Users\hp\Desktop\Manvi\Semesters\6th_WinterSemester\ComputerVision\PoolNet\data\dd\15_16_s.jpg
C:\Users\hp\Desktop\Manvi\Semesters\6th_WinterSemester\ComputerVision\PoolNet\data\dd\15_17_s.jpg
C:\Users\hp\Desktop\Manvi\Semesters\6th_WinterSemester\ComputerVision\PoolNet\data\dd\15_18_s.jpg
C:\Users\hp\Desktop\Manvi\Semesters\6th_WinterSemester\ComputerVision\PoolNet\data\dd\15_20_s.jpg
C:\Users\hp\Desktop\Manvi\Semesters\6th_WinterSemester\ComputerVision\PoolNet\data\dd\15_21_s.jpg
C:\Users\hp\Desktop\Manvi\Semesters\6th_WinterSemester\ComputerVision\PoolNet\data\dd\15_22_s.jpg
C:\Users\hp\Desktop\Manvi\Semesters\6th_WinterSemester\ComputerVision\PoolNet\data\dd\15_23_s.jpg
C:\Users\hp\Desktop\Manvi\Semesters\6th_WinterSemester\ComputerVision\PoolNet\data\dd\15_24_s.jpg